// Vitest Snapshot v1, https://vitest.dev/guide/snapshot.html

exports[`HomePage > matches the reviewed foundation structure 1`] = `
<div>
  <div
    class="overview-page"
  >
    <section
      aria-labelledby="overview-title"
      class="hero"
    >
      <div
        class="hero-copy"
      >
        <span
          class="eyebrow"
        >
          ReachOps portfolio preview · M0
        </span>
        <h1
          id="overview-title"
        >
          Turn scattered signals into a weekly operating decision.
        </h1>
        <p>
          ReachOps helps a marketing manager see what changed, inspect the evidence, and turn an approved priority into accountable work—without pretending every metric is comparable or letting AI act on its own.
        </p>
        <div
          class="hero-actions"
        >
          <a
            class="button button--primary"
            href="/weekly-review"
          >
            Preview the weekly review
            <span
              aria-hidden="true"
            >
              ↗
            </span>
          </a>
          <a
            class="button button--quiet"
            href="/about"
          >
            See trust boundaries
          </a>
        </div>
      </div>
      <aside
        aria-label="Current demonstration context"
        class="brief-card"
      >
        <div
          class="brief-card__topline"
        >
          <span>
            Weekly operating brief
          </span>
          <span
            class="mode-badge"
          >
            Fixture preview
          </span>
        </div>
        <p
          class="brief-card__headline"
        >
          Demand is up; AC repair conversion needs attention.
        </p>
        <div
          class="brief-card__signal"
        >
          <span
            class="signal-number"
          >
            01
          </span>
          <div>
            <strong>
              Priority signal reserved
            </strong>
            <span>
              Deterministic evidence arrives in M2
            </span>
          </div>
        </div>
        <dl>
          <div>
            <dt>
              Workspace
            </dt>
            <dd>
              Summit & Sage
            </dd>
          </div>
          <div>
            <dt>
              Window
            </dt>
            <dd>
              Week ending Aug 2
            </dd>
          </div>
          <div>
            <dt>
              Decision owner
            </dt>
            <dd>
              Maya Chen
            </dd>
          </div>
        </dl>
      </aside>
    </section>
    <section
      aria-labelledby="preview-metrics-title"
      class="metric-section"
    >
      <div
        class="section-heading"
      >
        <div>
          <span
            class="eyebrow"
          >
            Foundation preview
          </span>
          <h2
            id="preview-metrics-title"
          >
            A believable customer story, clearly labeled.
          </h2>
        </div>
        <p>
          These values preview the frozen synthetic specification. They are not yet connected to the database or presented as implemented analytics.
        </p>
      </div>
      <div
        class="metric-grid"
      >
        <article
          class="metric-card"
        >
          <div
            class="metric-card__header"
          >
            <span>
              Website sessions
            </span>
            <span
              class="preview-chip"
            >
              Preview
            </span>
          </div>
          <div
            class="metric-card__value-row"
          >
            <strong>
              10,440
            </strong>
            <span>
              +10.1%
            </span>
          </div>
          <p>
            Fixture preview · prior week 9,480
          </p>
        </article>
        <article
          class="metric-card"
        >
          <div
            class="metric-card__header"
          >
            <span>
              Confirmed bookings
            </span>
            <span
              class="preview-chip"
            >
              Preview
            </span>
          </div>
          <div
            class="metric-card__value-row"
          >
            <strong>
              246
            </strong>
            <span>
              +2.1%
            </span>
          </div>
          <p>
            Fixture preview · GA4 key event
          </p>
        </article>
        <article
          class="metric-card"
        >
          <div
            class="metric-card__header"
          >
            <span>
              Organic clicks
            </span>
            <span
              class="preview-chip"
            >
              Preview
            </span>
          </div>
          <div
            class="metric-card__value-row"
          >
            <strong>
              8,160
            </strong>
            <span>
              +10.6%
            </span>
          </div>
          <p>
            Fixture preview · Search Console
          </p>
        </article>
        <article
          class="metric-card"
        >
          <div
            class="metric-card__header"
          >
            <span>
              Required source coverage
            </span>
            <span
              class="preview-chip"
            >
              Preview
            </span>
          </div>
          <div
            class="metric-card__value-row"
          >
            <strong>
              4 / 4
            </strong>
            <span>
              Ready
            </span>
          </div>
          <p>
            All current fixtures available
          </p>
        </article>
      </div>
    </section>
    <section
      aria-label="ReachOps operating boundaries"
      class="trust-strip"
    >
      <div>
        <span
          aria-hidden="true"
        >
          01
        </span>
        <p>
          <strong>
            Source truth stays visible.
          </strong>
          Live, simulated, and imported evidence never blur together.
        </p>
      </div>
      <div>
        <span
          aria-hidden="true"
        >
          02
        </span>
        <p>
          <strong>
            Facts are deterministic.
          </strong>
          Code owns arithmetic, quality, permissions, and state.
        </p>
      </div>
      <div>
        <span
          aria-hidden="true"
        >
          03
        </span>
        <p>
          <strong>
            Action is human-owned.
          </strong>
          Recommendations require evidence and explicit approval.
        </p>
      </div>
    </section>
  </div>
</div>
`;
